          CLAIM SPLIT SUMMARY AND CONTROL TOTALS
------------------------------------------------------------
REPAIR TOTALS:              78     AMOUNT:   $  203,860.15
  FRG COUNT:                13               $   37,083.28
  STV COUNT:                13               $   30,895.05
  WAS COUNT:                17               $   40,956.58
  ACO COUNT:                18               $   52,887.90
  OTH COUNT:                17               $   42,037.34
------------------------------------------------------------
REPLACE TOTALS:             59     AMOUNT:   $  146,833.62
  FRG COUNT:                12               $   27,132.86
  STV COUNT:                10               $   26,200.02
  WAS COUNT:                 9               $   27,333.83
  ACO COUNT:                19               $   45,639.42
  OTH COUNT:                 9               $   20,527.49
------------------------------------------------------------
REPLACE BY REGION ANALYSIS:
  REGION ONT                17                                PCT:  28.0%
  REGION QUE                13                                PCT:  22.0%
  REGION MAN                13                                PCT:  22.0%
  REGION ALB                16                                PCT:  27.0%
------------------------------------------------------------
GRAND TOTAL ALL RECORDS:   137     TOTAL VAL:$  350,693.77
